
> n8n-monorepo@2.32.0 start /Users/aibelbinzacariah/Documents/Code/Voyagr
> node scripts/os-normalize.mjs --dir packages/cli/bin n8n

$ [92mcd[39m packages/cli/bin
[36m$ Running (dir: packages/cli/bin) ./n8n [39m
$ [92m./n8n[39m 
Initializing n8n process
McpRegistryNodeLoader: failed to resolve base node "mcpRegistryClientTool"
n8n ready on ::, port 5678
n8n Task Broker ready on 127.0.0.1, port 5679
Failed to start Python task runner in internal mode. because its virtual environment is missing from this system. Launching a Python runner in internal mode is intended only for debugging and is not recommended for production. Users are encouraged to deploy in external mode. See: https://docs.n8n.io/hosting/configuration/task-runners/#setting-up-external-mode

There are deprecations related to your n8n setup. Please take the recommended actions to update your configuration:
 - N8N_UNVERIFIED_PACKAGES_ENABLED -> The default for this variable will change to `false` in a future version. Set it to `true` explicitly to keep installing unverified community packages.
 - N8N_RUNNERS_TASK_TIMEOUT -> The default for this variable will be reduced from 300 (5 minutes) to 60 (1 minute) in a future version. Set it explicitly to keep your current task timeout.
 - N8N_COMPRESSION_NODE_MAX_DECOMPRESSED_SIZE_BYTES -> The default for this variable will be reduced from 2 GiB to 256 MiB in a future version. Set it explicitly to keep your current limit.
 - N8N_COMPRESSION_NODE_MAX_ZIP_ENTRIES -> The default for this variable will be reduced from 5000 to 1000 in a future version. Set it explicitly to keep your current limit.
 - Running n8n outside a container is deprecated. Future versions will require running n8n via the official Docker image. See https://docs.n8n.io/deploy/host-n8n/install-options/install-with-docker

[license SDK] Skipping renewal on init: license cert is not initialized
[runnner:js] (node:89376) ExperimentalWarning: localStorage is not available because --localstorage-file was not provided.
(Use `node --trace-warnings ...` to show where the warning was created)
(node:89369) [DEP0169] DeprecationWarning: `url.parse()` behavior is not standardized and prone to errors that have security implications. Use the WHATWG URL API instead. CVEs are not issued for `url.parse()` vulnerabilities.
(Use `node --trace-deprecation ...` to show where the warning was created)
Registered runner "JS Task Runner" (CwTf9sIiCCA4ertBzO9gk) 
Instance registered
Discovered 4 cluster checks
McpRegistryNodeLoader: failed to resolve base node "mcpRegistryClientTool"
Version: 2.32.0
Building workflow dependency index...
Finished building workflow dependency index. Processed 0 draft workflows, 0 published workflows.

Editor is now accessible via:
http://localhost:5678
timeout of 6000ms exceeded
AxiosError: timeout of 6000ms exceeded
    at createTimeoutError (/Users/aibelbinzacariah/Documents/Code/Voyagr/node_modules/.pnpm/axios@1.18.0_debug@4.4.3/node_modules/axios/dist/node/axios.cjs:3562:14)
    at RedirectableRequest.handleTimeout (/Users/aibelbinzacariah/Documents/Code/Voyagr/node_modules/.pnpm/axios@1.18.0_debug@4.4.3/node_modules/axios/dist/node/axios.cjs:4080:15)
    at RedirectableRequest.emit (node:events:509:20)
    at Timeout._onTimeout (/Users/aibelbinzacariah/Documents/Code/Voyagr/node_modules/.pnpm/follow-redirects@1.16.0_debug@4.4.3/node_modules/follow-redirects/index.js:233:12)
    at listOnTimeout (node:internal/timers:605:17)
    at processTimers (node:internal/timers:541:7)
    at Axios.request (/Users/aibelbinzacariah/Documents/Code/Voyagr/node_modules/.pnpm/axios@1.18.0_debug@4.4.3/node_modules/axios/dist/node/axios.cjs:5427:41)
    at processTicksAndRejections (node:internal/process/task_queues:104:5)
    at invokeAxios (/Users/aibelbinzacariah/Documents/Code/Voyagr/packages/@n8n/backend-network/src/http/axios/invoke.ts:15:10)
    at httpRequest (/Users/aibelbinzacariah/Documents/Code/Voyagr/packages/@n8n/backend-network/src/http/axios/request.ts:211:5)
    at Object.request (/Users/aibelbinzacariah/Documents/Code/Voyagr/packages/@n8n/backend-network/src/http/outbound-http.ts:188:12)
    at paginatedRequest (/Users/aibelbinzacariah/Documents/Code/Voyagr/packages/cli/src/utils/strapi-utils.ts:87:15)
    at getCommunityNodeTypes (/Users/aibelbinzacariah/Documents/Code/Voyagr/packages/cli/src/modules/community-packages/community-node-types-utils.ts:54:9)
    at CommunityNodeTypesService.fetchNodeTypes (/Users/aibelbinzacariah/Documents/Code/Voyagr/packages/cli/src/modules/community-packages/community-node-types.service.ts:93:13)
    at CommunityNodeTypesService.getCommunityNodeTypes (/Users/aibelbinzacariah/Documents/Code/Voyagr/packages/cli/src/modules/community-packages/community-node-types.service.ts:213:4)
    at CommunityNodeTypesController.getCommunityNodeTypes (/Users/aibelbinzacariah/Documents/Code/Voyagr/packages/cli/src/modules/community-packages/community-node-types.controller.ts:18:10)

Error fetching from Strapi API (https://api-staging.n8n.io/api/community-nodes): timeout of 6000ms exceeded
browserId check failed on /rest/voyagr/places/photo
browserId check failed on /rest/voyagr/places/photo
browserId check failed on /rest/voyagr/places/photo
browserId check failed on /rest/voyagr/places/photo
browserId check failed on /rest/voyagr/places/photo
browserId check failed on /rest/voyagr/places/photo
[31m401 Wrong username or password. Do you have caps lock on?[39m
[31m401 Wrong username or password. Do you have caps lock on?[39m
User attempted to access a workflow without permissions
[31m404 Could not load the workflow - you can only access workflows owned by you[39m
browserId check failed on /rest/voyagr/places/photo
browserId check failed on /rest/voyagr/places/photo
browserId check failed on /rest/voyagr/places/photo
browserId check failed on /rest/voyagr/places/photo
browserId check failed on /rest/voyagr/places/photo
browserId check failed on /rest/voyagr/places/photo
Received SIGTERM. Shutting down...
[runnner:js] Received SIGTERM signal, shutting down...
[runnner:js] Task runner stopped

Stopping n8n...
